=== GETT-Matrix: 3 Faelle | Stufen: ['teir_sa', 'teir_ga', 'teir_random'] | Start 2026-08-03 10:26:00 ===
    Budgets: TEIR=15 Trials, TVM=200 Trials
    Timeouts[s]: torch=300 teir=1800 tvm=1800

----- Stufe TEIR_SA -> teir_sa.csv (0 bereits erledigt) @ 2026-08-03 10:26:00 -----
  [teir_sa]  1/3 contraction_abcde_efbad_cf             ... START @ 2026-08-03 10:26:00
        · teir_sa:contraction_abcde_efbad_cf laeuft [   30s] … [NEW BEST] Trial #1 | SF=2, Parallel=a -> Zeit: 167.444 ms (30.815 GFLOPS)
        · teir_sa:contraction_abcde_efbad_cf laeuft [   60s] … [NEW BEST] Trial #1 | SF=2, Parallel=a -> Zeit: 167.444 ms (30.815 GFLOPS)
        · teir_sa:contraction_abcde_efbad_cf laeuft [   90s] … [NEW BEST] Trial #1 | SF=2, Parallel=a -> Zeit: 167.444 ms (30.815 GFLOPS)
        · teir_sa:contraction_abcde_efbad_cf laeuft [  120s] … [NEW BEST] Trial #1 | SF=2, Parallel=a -> Zeit: 167.444 ms (30.815 GFLOPS)
        · teir_sa:contraction_abcde_efbad_cf laeuft [  150s] … [NEW BEST] Trial #1 | SF=2, Parallel=a -> Zeit: 167.444 ms (30.815 GFLOPS)
        · teir_sa:contraction_abcde_efbad_cf laeuft [  180s] … [NEW BEST] Trial #1 | SF=2, Parallel=a -> Zeit: 167.444 ms (30.815 GFLOPS)
        · teir_sa:contraction_abcde_efbad_cf laeuft [  210s] … [NEW BEST] Trial #1 | SF=2, Parallel=a -> Zeit: 167.444 ms (30.815 GFLOPS)
        · teir_sa:contraction_abcde_efbad_cf laeuft [  240s] … [NEW BEST] Trial #1 | SF=2, Parallel=a -> Zeit: 167.444 ms (30.815 GFLOPS)
        · teir_sa:contraction_abcde_efbad_cf laeuft [  270s] … [NEW BEST] Trial #1 | SF=2, Parallel=a -> Zeit: 167.444 ms (30.815 GFLOPS)
        · teir_sa:contraction_abcde_efbad_cf laeuft [  300s] … [NEW BEST] Trial #1 | SF=2, Parallel=a -> Zeit: 167.444 ms (30.815 GFLOPS)
        · teir_sa:contraction_abcde_efbad_cf laeuft [  330s] … [NEW BEST] Trial #1 | SF=2, Parallel=a -> Zeit: 167.444 ms (30.815 GFLOPS)
        · teir_sa:contraction_abcde_efbad_cf laeuft [  360s] … [NEW BEST] Trial #1 | SF=2, Parallel=a -> Zeit: 167.444 ms (30.815 GFLOPS)
        · teir_sa:contraction_abcde_efbad_cf laeuft [  390s] … [NEW BEST] Trial #1 | SF=2, Parallel=a -> Zeit: 167.444 ms (30.815 GFLOPS)
        · teir_sa:contraction_abcde_efbad_cf laeuft [  420s] … [NEW BEST] Trial #1 | SF=2, Parallel=a -> Zeit: 167.444 ms (30.815 GFLOPS)
        · teir_sa:contraction_abcde_efbad_cf laeuft [  450s] … [NEW BEST] Trial #1 | SF=2, Parallel=a -> Zeit: 167.444 ms (30.815 GFLOPS)
        · teir_sa:contraction_abcde_efbad_cf laeuft [  480s] … [NEW BEST] Trial #1 | SF=2, Parallel=a -> Zeit: 167.444 ms (30.815 GFLOPS)
        · teir_sa:contraction_abcde_efbad_cf laeuft [  510s] … [NEW BEST] Trial #1 | SF=2, Parallel=a -> Zeit: 167.444 ms (30.815 GFLOPS)
        · teir_sa:contraction_abcde_efbad_cf laeuft [  540s] … [NEW BEST] Trial #1 | SF=2, Parallel=a -> Zeit: 167.444 ms (30.815 GFLOPS)
        · teir_sa:contraction_abcde_efbad_cf laeuft [  570s] … [NEW BEST] Trial #1 | SF=2, Parallel=a -> Zeit: 167.444 ms (30.815 GFLOPS)
        · teir_sa:contraction_abcde_efbad_cf laeuft [  600s] … [NEW BEST] Trial #1 | SF=2, Parallel=a -> Zeit: 167.444 ms (30.815 GFLOPS)
        · teir_sa:contraction_abcde_efbad_cf laeuft [  631s] … [NEW BEST] Trial #1 | SF=2, Parallel=a -> Zeit: 167.444 ms (30.815 GFLOPS)
        · teir_sa:contraction_abcde_efbad_cf laeuft [  661s] … [NEW BEST] Trial #1 | SF=2, Parallel=a -> Zeit: 167.444 ms (30.815 GFLOPS)
        · teir_sa:contraction_abcde_efbad_cf laeuft [  691s] … [NEW BEST] Trial #1 | SF=2, Parallel=a -> Zeit: 167.444 ms (30.815 GFLOPS)
        · teir_sa:contraction_abcde_efbad_cf laeuft [  721s] … [NEW BEST] Trial #1 | SF=2, Parallel=a -> Zeit: 167.444 ms (30.815 GFLOPS)
        · teir_sa:contraction_abcde_efbad_cf laeuft [  751s] … [NEW BEST] Trial #1 | SF=2, Parallel=a -> Zeit: 167.444 ms (30.815 GFLOPS)
        · teir_sa:contraction_abcde_efbad_cf laeuft [  781s] … [NEW BEST] Trial #1 | SF=2, Parallel=a -> Zeit: 167.444 ms (30.815 GFLOPS)
        · teir_sa:contraction_abcde_efbad_cf laeuft [  811s] … [NEW BEST] Trial #1 | SF=2, Parallel=a -> Zeit: 167.444 ms (30.815 GFLOPS)
        · teir_sa:contraction_abcde_efbad_cf laeuft [  841s] … [NEW BEST] Trial #1 | SF=2, Parallel=a -> Zeit: 167.444 ms (30.815 GFLOPS)
        · teir_sa:contraction_abcde_efbad_cf laeuft [  872s] … [NEW BEST] Trial #1 | SF=2, Parallel=a -> Zeit: 167.444 ms (30.815 GFLOPS)
        · teir_sa:contraction_abcde_efbad_cf laeuft [  902s] … [NEW BEST] Trial #1 | SF=2, Parallel=a -> Zeit: 167.444 ms (30.815 GFLOPS)
        · teir_sa:contraction_abcde_efbad_cf laeuft [  932s] … [NEW BEST] Trial #1 | SF=2, Parallel=a -> Zeit: 167.444 ms (30.815 GFLOPS)
        · teir_sa:contraction_abcde_efbad_cf laeuft [  962s] … [NEW BEST] Trial #1 | SF=2, Parallel=a -> Zeit: 167.444 ms (30.815 GFLOPS)
        · teir_sa:contraction_abcde_efbad_cf laeuft [  990s] … [NEW BEST] Trial #1 | SF=2, Parallel=a -> Zeit: 167.444 ms (30.815 GFLOPS)
        · teir_sa:contraction_abcde_efbad_cf laeuft [ 1020s] … [NEW BEST] Trial #1 | SF=2, Parallel=a -> Zeit: 167.444 ms (30.815 GFLOPS)
        · teir_sa:contraction_abcde_efbad_cf laeuft [ 1050s] … [NEW BEST] Trial #1 | SF=2, Parallel=a -> Zeit: 167.444 ms (30.815 GFLOPS)
        · teir_sa:contraction_abcde_efbad_cf laeuft [ 1080s] … [NEW BEST] Trial #1 | SF=2, Parallel=a -> Zeit: 167.444 ms (30.815 GFLOPS)
        · teir_sa:contraction_abcde_efbad_cf laeuft [ 1111s] … [NEW BEST] Trial #1 | SF=2, Parallel=a -> Zeit: 167.444 ms (30.815 GFLOPS)
        · teir_sa:contraction_abcde_efbad_cf laeuft [ 1141s] … [NEW BEST] Trial #1 | SF=2, Parallel=a -> Zeit: 167.444 ms (30.815 GFLOPS)
        · teir_sa:contraction_abcde_efbad_cf laeuft [ 1171s] … [NEW BEST] Trial #1 | SF=2, Parallel=a -> Zeit: 167.444 ms (30.815 GFLOPS)
        · teir_sa:contraction_abcde_efbad_cf laeuft [ 1201s] … [NEW BEST] Trial #1 | SF=2, Parallel=a -> Zeit: 167.444 ms (30.815 GFLOPS)
        · teir_sa:contraction_abcde_efbad_cf laeuft [ 1231s] … [NEW BEST] Trial #1 | SF=2, Parallel=a -> Zeit: 167.444 ms (30.815 GFLOPS)
        · teir_sa:contraction_abcde_efbad_cf laeuft [ 1261s] … [NEW BEST] Trial #1 | SF=2, Parallel=a -> Zeit: 167.444 ms (30.815 GFLOPS)
        · teir_sa:contraction_abcde_efbad_cf laeuft [ 1291s] … [NEW BEST] Trial #1 | SF=2, Parallel=a -> Zeit: 167.444 ms (30.815 GFLOPS)
        · teir_sa:contraction_abcde_efbad_cf laeuft [ 1322s] … [NEW BEST] Trial #1 | SF=2, Parallel=a -> Zeit: 167.444 ms (30.815 GFLOPS)
        · teir_sa:contraction_abcde_efbad_cf laeuft [ 1352s] … [NEW BEST] Trial #1 | SF=2, Parallel=a -> Zeit: 167.444 ms (30.815 GFLOPS)
        · teir_sa:contraction_abcde_efbad_cf laeuft [ 1382s] … [NEW BEST] Trial #1 | SF=2, Parallel=a -> Zeit: 167.444 ms (30.815 GFLOPS)
        · teir_sa:contraction_abcde_efbad_cf laeuft [ 1412s] … [NEW BEST] Trial #1 | SF=2, Parallel=a -> Zeit: 167.444 ms (30.815 GFLOPS)
        · teir_sa:contraction_abcde_efbad_cf laeuft [ 1440s] … [NEW BEST] Trial #1 | SF=2, Parallel=a -> Zeit: 167.444 ms (30.815 GFLOPS)
        · teir_sa:contraction_abcde_efbad_cf laeuft [ 1470s] … [NEW BEST] Trial #1 | SF=2, Parallel=a -> Zeit: 167.444 ms (30.815 GFLOPS)
        · teir_sa:contraction_abcde_efbad_cf laeuft [ 1500s] … [NEW BEST] Trial #1 | SF=2, Parallel=a -> Zeit: 167.444 ms (30.815 GFLOPS)
        · teir_sa:contraction_abcde_efbad_cf laeuft [ 1530s] … [NEW BEST] Trial #1 | SF=2, Parallel=a -> Zeit: 167.444 ms (30.815 GFLOPS)
        · teir_sa:contraction_abcde_efbad_cf laeuft [ 1560s] … [NEW BEST] Trial #1 | SF=2, Parallel=a -> Zeit: 167.444 ms (30.815 GFLOPS)
        · teir_sa:contraction_abcde_efbad_cf laeuft [ 1591s] … [NEW BEST] Trial #1 | SF=2, Parallel=a -> Zeit: 167.444 ms (30.815 GFLOPS)
        · teir_sa:contraction_abcde_efbad_cf laeuft [ 1621s] … [NEW BEST] Trial #1 | SF=2, Parallel=a -> Zeit: 167.444 ms (30.815 GFLOPS)
        · teir_sa:contraction_abcde_efbad_cf laeuft [ 1651s] … [NEW BEST] Trial #1 | SF=2, Parallel=a -> Zeit: 167.444 ms (30.815 GFLOPS)
        · teir_sa:contraction_abcde_efbad_cf laeuft [ 1681s] … [NEW BEST] Trial #1 | SF=2, Parallel=a -> Zeit: 167.444 ms (30.815 GFLOPS)
        · teir_sa:contraction_abcde_efbad_cf laeuft [ 1711s] … [NEW BEST] Trial #1 | SF=2, Parallel=a -> Zeit: 167.444 ms (30.815 GFLOPS)
        · teir_sa:contraction_abcde_efbad_cf laeuft [ 1741s] … [NEW BEST] Trial #1 | SF=2, Parallel=a -> Zeit: 167.444 ms (30.815 GFLOPS)
        · teir_sa:contraction_abcde_efbad_cf laeuft [ 1771s] … [NEW BEST] Trial #1 | SF=2, Parallel=a -> Zeit: 167.444 ms (30.815 GFLOPS)
        · teir_sa:contraction_abcde_efbad_cf laeuft [ 1801s] … [NEW BEST] Trial #1 | SF=2, Parallel=a -> Zeit: 167.444 ms (30.815 GFLOPS)
  [teir_sa]  1/3 contraction_abcde_efbad_cf             30.8 GFLOPS [partial-timeout]   1801s  DONE @ 2026-08-03 10:56:01
  [teir_sa]  2/3 contraction_abcde_ecbfa_fd             ... START @ 2026-08-03 10:56:01
        · teir_sa:contraction_abcde_ecbfa_fd laeuft [   30s] … [NEW BEST] Trial #1 | SF=2, Parallel=a -> Zeit: 210.99 ms (32.6068 GFLOPS)
        · teir_sa:contraction_abcde_ecbfa_fd laeuft [   60s] … [NEW BEST] Trial #1 | SF=2, Parallel=a -> Zeit: 210.99 ms (32.6068 GFLOPS)
        · teir_sa:contraction_abcde_ecbfa_fd laeuft [   90s] … [NEW BEST] Trial #1 | SF=2, Parallel=a -> Zeit: 210.99 ms (32.6068 GFLOPS)
        · teir_sa:contraction_abcde_ecbfa_fd laeuft [  120s] … [NEW BEST] Trial #1 | SF=2, Parallel=a -> Zeit: 210.99 ms (32.6068 GFLOPS)
        · teir_sa:contraction_abcde_ecbfa_fd laeuft [  150s] … [NEW BEST] Trial #1 | SF=2, Parallel=a -> Zeit: 210.99 ms (32.6068 GFLOPS)
        · teir_sa:contraction_abcde_ecbfa_fd laeuft [  180s] … [NEW BEST] Trial #1 | SF=2, Parallel=a -> Zeit: 210.99 ms (32.6068 GFLOPS)
        · teir_sa:contraction_abcde_ecbfa_fd laeuft [  210s] … [NEW BEST] Trial #1 | SF=2, Parallel=a -> Zeit: 210.99 ms (32.6068 GFLOPS)
        · teir_sa:contraction_abcde_ecbfa_fd laeuft [  240s] … [NEW BEST] Trial #1 | SF=2, Parallel=a -> Zeit: 210.99 ms (32.6068 GFLOPS)
        · teir_sa:contraction_abcde_ecbfa_fd laeuft [  270s] … [NEW BEST] Trial #1 | SF=2, Parallel=a -> Zeit: 210.99 ms (32.6068 GFLOPS)
        · teir_sa:contraction_abcde_ecbfa_fd laeuft [  300s] … [NEW BEST] Trial #1 | SF=2, Parallel=a -> Zeit: 210.99 ms (32.6068 GFLOPS)
        · teir_sa:contraction_abcde_ecbfa_fd laeuft [  331s] … [NEW BEST] Trial #1 | SF=2, Parallel=a -> Zeit: 210.99 ms (32.6068 GFLOPS)
        · teir_sa:contraction_abcde_ecbfa_fd laeuft [  361s] … [NEW BEST] Trial #1 | SF=2, Parallel=a -> Zeit: 210.99 ms (32.6068 GFLOPS)
        · teir_sa:contraction_abcde_ecbfa_fd laeuft [  391s] … [NEW BEST] Trial #1 | SF=2, Parallel=a -> Zeit: 210.99 ms (32.6068 GFLOPS)
        · teir_sa:contraction_abcde_ecbfa_fd laeuft [  421s] … [NEW BEST] Trial #1 | SF=2, Parallel=a -> Zeit: 210.99 ms (32.6068 GFLOPS)
        · teir_sa:contraction_abcde_ecbfa_fd laeuft [  451s] … [NEW BEST] Trial #1 | SF=2, Parallel=a -> Zeit: 210.99 ms (32.6068 GFLOPS)
        · teir_sa:contraction_abcde_ecbfa_fd laeuft [  481s] … [NEW BEST] Trial #1 | SF=2, Parallel=a -> Zeit: 210.99 ms (32.6068 GFLOPS)
        · teir_sa:contraction_abcde_ecbfa_fd laeuft [  511s] … [NEW BEST] Trial #1 | SF=2, Parallel=a -> Zeit: 210.99 ms (32.6068 GFLOPS)
        · teir_sa:contraction_abcde_ecbfa_fd laeuft [  542s] … [NEW BEST] Trial #1 | SF=2, Parallel=a -> Zeit: 210.99 ms (32.6068 GFLOPS)
        · teir_sa:contraction_abcde_ecbfa_fd laeuft [  572s] … [NEW BEST] Trial #1 | SF=2, Parallel=a -> Zeit: 210.99 ms (32.6068 GFLOPS)
        · teir_sa:contraction_abcde_ecbfa_fd laeuft [  602s] … [NEW BEST] Trial #1 | SF=2, Parallel=a -> Zeit: 210.99 ms (32.6068 GFLOPS)
        · teir_sa:contraction_abcde_ecbfa_fd laeuft [  632s] … [NEW BEST] Trial #1 | SF=2, Parallel=a -> Zeit: 210.99 ms (32.6068 GFLOPS)
        · teir_sa:contraction_abcde_ecbfa_fd laeuft [  660s] … [NEW BEST] Trial #1 | SF=2, Parallel=a -> Zeit: 210.99 ms (32.6068 GFLOPS)
        · teir_sa:contraction_abcde_ecbfa_fd laeuft [  690s] … [NEW BEST] Trial #1 | SF=2, Parallel=a -> Zeit: 210.99 ms (32.6068 GFLOPS)
        · teir_sa:contraction_abcde_ecbfa_fd laeuft [  720s] … [NEW BEST] Trial #1 | SF=2, Parallel=a -> Zeit: 210.99 ms (32.6068 GFLOPS)
        · teir_sa:contraction_abcde_ecbfa_fd laeuft [  750s] … [NEW BEST] Trial #1 | SF=2, Parallel=a -> Zeit: 210.99 ms (32.6068 GFLOPS)
        · teir_sa:contraction_abcde_ecbfa_fd laeuft [  781s] … [NEW BEST] Trial #1 | SF=2, Parallel=a -> Zeit: 210.99 ms (32.6068 GFLOPS)
        · teir_sa:contraction_abcde_ecbfa_fd laeuft [  811s] … [NEW BEST] Trial #1 | SF=2, Parallel=a -> Zeit: 210.99 ms (32.6068 GFLOPS)
        · teir_sa:contraction_abcde_ecbfa_fd laeuft [  841s] … [NEW BEST] Trial #1 | SF=2, Parallel=a -> Zeit: 210.99 ms (32.6068 GFLOPS)
        · teir_sa:contraction_abcde_ecbfa_fd laeuft [  871s] … [NEW BEST] Trial #1 | SF=2, Parallel=a -> Zeit: 210.99 ms (32.6068 GFLOPS)
        · teir_sa:contraction_abcde_ecbfa_fd laeuft [  901s] … [NEW BEST] Trial #1 | SF=2, Parallel=a -> Zeit: 210.99 ms (32.6068 GFLOPS)
        · teir_sa:contraction_abcde_ecbfa_fd laeuft [  931s] … [NEW BEST] Trial #1 | SF=2, Parallel=a -> Zeit: 210.99 ms (32.6068 GFLOPS)
        · teir_sa:contraction_abcde_ecbfa_fd laeuft [  961s] … [NEW BEST] Trial #1 | SF=2, Parallel=a -> Zeit: 210.99 ms (32.6068 GFLOPS)
        · teir_sa:contraction_abcde_ecbfa_fd laeuft [  991s] … [NEW BEST] Trial #1 | SF=2, Parallel=a -> Zeit: 210.99 ms (32.6068 GFLOPS)
        · teir_sa:contraction_abcde_ecbfa_fd laeuft [ 1022s] … [NEW BEST] Trial #1 | SF=2, Parallel=a -> Zeit: 210.99 ms (32.6068 GFLOPS)
        · teir_sa:contraction_abcde_ecbfa_fd laeuft [ 1052s] … [NEW BEST] Trial #1 | SF=2, Parallel=a -> Zeit: 210.99 ms (32.6068 GFLOPS)
        · teir_sa:contraction_abcde_ecbfa_fd laeuft [ 1082s] … [NEW BEST] Trial #1 | SF=2, Parallel=a -> Zeit: 210.99 ms (32.6068 GFLOPS)
        · teir_sa:contraction_abcde_ecbfa_fd laeuft [ 1112s] … [NEW BEST] Trial #1 | SF=2, Parallel=a -> Zeit: 210.99 ms (32.6068 GFLOPS)
        · teir_sa:contraction_abcde_ecbfa_fd laeuft [ 1140s] … [NEW BEST] Trial #1 | SF=2, Parallel=a -> Zeit: 210.99 ms (32.6068 GFLOPS)
        · teir_sa:contraction_abcde_ecbfa_fd laeuft [ 1170s] … [NEW BEST] Trial #1 | SF=2, Parallel=a -> Zeit: 210.99 ms (32.6068 GFLOPS)
        · teir_sa:contraction_abcde_ecbfa_fd laeuft [ 1200s] … [NEW BEST] Trial #1 | SF=2, Parallel=a -> Zeit: 210.99 ms (32.6068 GFLOPS)
        · teir_sa:contraction_abcde_ecbfa_fd laeuft [ 1230s] … [NEW BEST] Trial #1 | SF=2, Parallel=a -> Zeit: 210.99 ms (32.6068 GFLOPS)
        · teir_sa:contraction_abcde_ecbfa_fd laeuft [ 1260s] … [NEW BEST] Trial #1 | SF=2, Parallel=a -> Zeit: 210.99 ms (32.6068 GFLOPS)
        · teir_sa:contraction_abcde_ecbfa_fd laeuft [ 1290s] … [NEW BEST] Trial #1 | SF=2, Parallel=a -> Zeit: 210.99 ms (32.6068 GFLOPS)
        · teir_sa:contraction_abcde_ecbfa_fd laeuft [ 1321s] … [NEW BEST] Trial #1 | SF=2, Parallel=a -> Zeit: 210.99 ms (32.6068 GFLOPS)
        · teir_sa:contraction_abcde_ecbfa_fd laeuft [ 1351s] … [NEW BEST] Trial #1 | SF=2, Parallel=a -> Zeit: 210.99 ms (32.6068 GFLOPS)
        · teir_sa:contraction_abcde_ecbfa_fd laeuft [ 1381s] … [NEW BEST] Trial #1 | SF=2, Parallel=a -> Zeit: 210.99 ms (32.6068 GFLOPS)
        · teir_sa:contraction_abcde_ecbfa_fd laeuft [ 1411s] … [NEW BEST] Trial #1 | SF=2, Parallel=a -> Zeit: 210.99 ms (32.6068 GFLOPS)
        · teir_sa:contraction_abcde_ecbfa_fd laeuft [ 1441s] … [NEW BEST] Trial #1 | SF=2, Parallel=a -> Zeit: 210.99 ms (32.6068 GFLOPS)
        · teir_sa:contraction_abcde_ecbfa_fd laeuft [ 1471s] … [NEW BEST] Trial #1 | SF=2, Parallel=a -> Zeit: 210.99 ms (32.6068 GFLOPS)
        · teir_sa:contraction_abcde_ecbfa_fd laeuft [ 1501s] … [NEW BEST] Trial #1 | SF=2, Parallel=a -> Zeit: 210.99 ms (32.6068 GFLOPS)
        · teir_sa:contraction_abcde_ecbfa_fd laeuft [ 1531s] … [NEW BEST] Trial #1 | SF=2, Parallel=a -> Zeit: 210.99 ms (32.6068 GFLOPS)
        · teir_sa:contraction_abcde_ecbfa_fd laeuft [ 1561s] … [NEW BEST] Trial #1 | SF=2, Parallel=a -> Zeit: 210.99 ms (32.6068 GFLOPS)
        · teir_sa:contraction_abcde_ecbfa_fd laeuft [ 1591s] … [NEW BEST] Trial #1 | SF=2, Parallel=a -> Zeit: 210.99 ms (32.6068 GFLOPS)
        · teir_sa:contraction_abcde_ecbfa_fd laeuft [ 1622s] … [NEW BEST] Trial #1 | SF=2, Parallel=a -> Zeit: 210.99 ms (32.6068 GFLOPS)
        · teir_sa:contraction_abcde_ecbfa_fd laeuft [ 1652s] … [NEW BEST] Trial #1 | SF=2, Parallel=a -> Zeit: 210.99 ms (32.6068 GFLOPS)
        · teir_sa:contraction_abcde_ecbfa_fd laeuft [ 1682s] … [NEW BEST] Trial #1 | SF=2, Parallel=a -> Zeit: 210.99 ms (32.6068 GFLOPS)
        · teir_sa:contraction_abcde_ecbfa_fd laeuft [ 1712s] … [NEW BEST] Trial #1 | SF=2, Parallel=a -> Zeit: 210.99 ms (32.6068 GFLOPS)
        · teir_sa:contraction_abcde_ecbfa_fd laeuft [ 1742s] … [NEW BEST] Trial #1 | SF=2, Parallel=a -> Zeit: 210.99 ms (32.6068 GFLOPS)
        · teir_sa:contraction_abcde_ecbfa_fd laeuft [ 1770s] … [NEW BEST] Trial #1 | SF=2, Parallel=a -> Zeit: 210.99 ms (32.6068 GFLOPS)
        · teir_sa:contraction_abcde_ecbfa_fd laeuft [ 1800s] … [NEW BEST] Trial #1 | SF=2, Parallel=a -> Zeit: 210.99 ms (32.6068 GFLOPS)
  [teir_sa]  2/3 contraction_abcde_ecbfa_fd             32.6 GFLOPS [partial-timeout]   1800s  DONE @ 2026-08-03 11:26:01
  [teir_sa]  3/3 contraction_abcde_efcad_bf             ... START @ 2026-08-03 11:26:01
        · teir_sa:contraction_abcde_efcad_bf laeuft [   30s] … [NEW BEST] Trial #1 | SF=2, Parallel=a -> Zeit: 244.46 ms (21.1068 GFLOPS)
        · teir_sa:contraction_abcde_efcad_bf laeuft [   60s] … [NEW BEST] Trial #1 | SF=2, Parallel=a -> Zeit: 244.46 ms (21.1068 GFLOPS)
        · teir_sa:contraction_abcde_efcad_bf laeuft [   90s] … [NEW BEST] Trial #1 | SF=2, Parallel=a -> Zeit: 244.46 ms (21.1068 GFLOPS)
        · teir_sa:contraction_abcde_efcad_bf laeuft [  120s] … [NEW BEST] Trial #1 | SF=2, Parallel=a -> Zeit: 244.46 ms (21.1068 GFLOPS)
        · teir_sa:contraction_abcde_efcad_bf laeuft [  150s] … [NEW BEST] Trial #1 | SF=2, Parallel=a -> Zeit: 244.46 ms (21.1068 GFLOPS)
        · teir_sa:contraction_abcde_efcad_bf laeuft [  180s] … [NEW BEST] Trial #1 | SF=2, Parallel=a -> Zeit: 244.46 ms (21.1068 GFLOPS)
        · teir_sa:contraction_abcde_efcad_bf laeuft [  210s] … [NEW BEST] Trial #1 | SF=2, Parallel=a -> Zeit: 244.46 ms (21.1068 GFLOPS)
        · teir_sa:contraction_abcde_efcad_bf laeuft [  240s] … [NEW BEST] Trial #1 | SF=2, Parallel=a -> Zeit: 244.46 ms (21.1068 GFLOPS)
        · teir_sa:contraction_abcde_efcad_bf laeuft [  270s] … [NEW BEST] Trial #1 | SF=2, Parallel=a -> Zeit: 244.46 ms (21.1068 GFLOPS)
        · teir_sa:contraction_abcde_efcad_bf laeuft [  300s] … [NEW BEST] Trial #1 | SF=2, Parallel=a -> Zeit: 244.46 ms (21.1068 GFLOPS)
        · teir_sa:contraction_abcde_efcad_bf laeuft [  331s] … [NEW BEST] Trial #1 | SF=2, Parallel=a -> Zeit: 244.46 ms (21.1068 GFLOPS)
        · teir_sa:contraction_abcde_efcad_bf laeuft [  361s] … [NEW BEST] Trial #1 | SF=2, Parallel=a -> Zeit: 244.46 ms (21.1068 GFLOPS)
        · teir_sa:contraction_abcde_efcad_bf laeuft [  391s] … [NEW BEST] Trial #1 | SF=2, Parallel=a -> Zeit: 244.46 ms (21.1068 GFLOPS)
        · teir_sa:contraction_abcde_efcad_bf laeuft [  421s] … [NEW BEST] Trial #1 | SF=2, Parallel=a -> Zeit: 244.46 ms (21.1068 GFLOPS)
        · teir_sa:contraction_abcde_efcad_bf laeuft [  451s] … [NEW BEST] Trial #1 | SF=2, Parallel=a -> Zeit: 244.46 ms (21.1068 GFLOPS)
        · teir_sa:contraction_abcde_efcad_bf laeuft [  481s] … [NEW BEST] Trial #1 | SF=2, Parallel=a -> Zeit: 244.46 ms (21.1068 GFLOPS)
        · teir_sa:contraction_abcde_efcad_bf laeuft [  511s] … [NEW BEST] Trial #1 | SF=2, Parallel=a -> Zeit: 244.46 ms (21.1068 GFLOPS)
        · teir_sa:contraction_abcde_efcad_bf laeuft [  541s] … [NEW BEST] Trial #1 | SF=2, Parallel=a -> Zeit: 244.46 ms (21.1068 GFLOPS)
        · teir_sa:contraction_abcde_efcad_bf laeuft [  571s] … [NEW BEST] Trial #1 | SF=2, Parallel=a -> Zeit: 244.46 ms (21.1068 GFLOPS)
        · teir_sa:contraction_abcde_efcad_bf laeuft [  601s] … [NEW BEST] Trial #1 | SF=2, Parallel=a -> Zeit: 244.46 ms (21.1068 GFLOPS)
        · teir_sa:contraction_abcde_efcad_bf laeuft [  631s] … [NEW BEST] Trial #1 | SF=2, Parallel=a -> Zeit: 244.46 ms (21.1068 GFLOPS)
        · teir_sa:contraction_abcde_efcad_bf laeuft [  661s] … [NEW BEST] Trial #1 | SF=2, Parallel=a -> Zeit: 244.46 ms (21.1068 GFLOPS)
        · teir_sa:contraction_abcde_efcad_bf laeuft [  691s] … [NEW BEST] Trial #1 | SF=2, Parallel=a -> Zeit: 244.46 ms (21.1068 GFLOPS)
        · teir_sa:contraction_abcde_efcad_bf laeuft [  721s] … [NEW BEST] Trial #1 | SF=2, Parallel=a -> Zeit: 244.46 ms (21.1068 GFLOPS)
        · teir_sa:contraction_abcde_efcad_bf laeuft [  751s] … [NEW BEST] Trial #1 | SF=2, Parallel=a -> Zeit: 244.46 ms (21.1068 GFLOPS)
        · teir_sa:contraction_abcde_efcad_bf laeuft [  781s] … [NEW BEST] Trial #1 | SF=2, Parallel=a -> Zeit: 244.46 ms (21.1068 GFLOPS)
        · teir_sa:contraction_abcde_efcad_bf laeuft [  812s] … [NEW BEST] Trial #1 | SF=2, Parallel=a -> Zeit: 244.46 ms (21.1068 GFLOPS)
        · teir_sa:contraction_abcde_efcad_bf laeuft [  842s] … [NEW BEST] Trial #1 | SF=2, Parallel=a -> Zeit: 244.46 ms (21.1068 GFLOPS)
        · teir_sa:contraction_abcde_efcad_bf laeuft [  872s] … [NEW BEST] Trial #1 | SF=2, Parallel=a -> Zeit: 244.46 ms (21.1068 GFLOPS)
        · teir_sa:contraction_abcde_efcad_bf laeuft [  902s] … [NEW BEST] Trial #1 | SF=2, Parallel=a -> Zeit: 244.46 ms (21.1068 GFLOPS)
        · teir_sa:contraction_abcde_efcad_bf laeuft [  932s] … [NEW BEST] Trial #1 | SF=2, Parallel=a -> Zeit: 244.46 ms (21.1068 GFLOPS)
        · teir_sa:contraction_abcde_efcad_bf laeuft [  962s] … [NEW BEST] Trial #1 | SF=2, Parallel=a -> Zeit: 244.46 ms (21.1068 GFLOPS)
        · teir_sa:contraction_abcde_efcad_bf laeuft [  992s] … [NEW BEST] Trial #1 | SF=2, Parallel=a -> Zeit: 244.46 ms (21.1068 GFLOPS)
        · teir_sa:contraction_abcde_efcad_bf laeuft [ 1022s] … [NEW BEST] Trial #1 | SF=2, Parallel=a -> Zeit: 244.46 ms (21.1068 GFLOPS)
        · teir_sa:contraction_abcde_efcad_bf laeuft [ 1052s] … [NEW BEST] Trial #1 | SF=2, Parallel=a -> Zeit: 244.46 ms (21.1068 GFLOPS)
        · teir_sa:contraction_abcde_efcad_bf laeuft [ 1080s] … [NEW BEST] Trial #1 | SF=2, Parallel=a -> Zeit: 244.46 ms (21.1068 GFLOPS)
        · teir_sa:contraction_abcde_efcad_bf laeuft [ 1110s] … [NEW BEST] Trial #1 | SF=2, Parallel=a -> Zeit: 244.46 ms (21.1068 GFLOPS)
        · teir_sa:contraction_abcde_efcad_bf laeuft [ 1140s] … [NEW BEST] Trial #1 | SF=2, Parallel=a -> Zeit: 244.46 ms (21.1068 GFLOPS)
        · teir_sa:contraction_abcde_efcad_bf laeuft [ 1171s] … [NEW BEST] Trial #1 | SF=2, Parallel=a -> Zeit: 244.46 ms (21.1068 GFLOPS)
        · teir_sa:contraction_abcde_efcad_bf laeuft [ 1201s] … [NEW BEST] Trial #1 | SF=2, Parallel=a -> Zeit: 244.46 ms (21.1068 GFLOPS)
        · teir_sa:contraction_abcde_efcad_bf laeuft [ 1231s] … [NEW BEST] Trial #1 | SF=2, Parallel=a -> Zeit: 244.46 ms (21.1068 GFLOPS)
        · teir_sa:contraction_abcde_efcad_bf laeuft [ 1261s] … [NEW BEST] Trial #1 | SF=2, Parallel=a -> Zeit: 244.46 ms (21.1068 GFLOPS)
        · teir_sa:contraction_abcde_efcad_bf laeuft [ 1291s] … [NEW BEST] Trial #1 | SF=2, Parallel=a -> Zeit: 244.46 ms (21.1068 GFLOPS)
        · teir_sa:contraction_abcde_efcad_bf laeuft [ 1321s] … [NEW BEST] Trial #1 | SF=2, Parallel=a -> Zeit: 244.46 ms (21.1068 GFLOPS)
        · teir_sa:contraction_abcde_efcad_bf laeuft [ 1351s] … [NEW BEST] Trial #1 | SF=2, Parallel=a -> Zeit: 244.46 ms (21.1068 GFLOPS)
        · teir_sa:contraction_abcde_efcad_bf laeuft [ 1381s] … [NEW BEST] Trial #1 | SF=2, Parallel=a -> Zeit: 244.46 ms (21.1068 GFLOPS)
        · teir_sa:contraction_abcde_efcad_bf laeuft [ 1412s] … [NEW BEST] Trial #1 | SF=2, Parallel=a -> Zeit: 244.46 ms (21.1068 GFLOPS)
        · teir_sa:contraction_abcde_efcad_bf laeuft [ 1442s] … [NEW BEST] Trial #1 | SF=2, Parallel=a -> Zeit: 244.46 ms (21.1068 GFLOPS)
        · teir_sa:contraction_abcde_efcad_bf laeuft [ 1472s] … [NEW BEST] Trial #1 | SF=2, Parallel=a -> Zeit: 244.46 ms (21.1068 GFLOPS)
        · teir_sa:contraction_abcde_efcad_bf laeuft [ 1502s] … [NEW BEST] Trial #1 | SF=2, Parallel=a -> Zeit: 244.46 ms (21.1068 GFLOPS)
        · teir_sa:contraction_abcde_efcad_bf laeuft [ 1530s] … [NEW BEST] Trial #1 | SF=2, Parallel=a -> Zeit: 244.46 ms (21.1068 GFLOPS)
        · teir_sa:contraction_abcde_efcad_bf laeuft [ 1560s] … [NEW BEST] Trial #1 | SF=2, Parallel=a -> Zeit: 244.46 ms (21.1068 GFLOPS)
        · teir_sa:contraction_abcde_efcad_bf laeuft [ 1590s] … [NEW BEST] Trial #1 | SF=2, Parallel=a -> Zeit: 244.46 ms (21.1068 GFLOPS)
        · teir_sa:contraction_abcde_efcad_bf laeuft [ 1620s] … [NEW BEST] Trial #1 | SF=2, Parallel=a -> Zeit: 244.46 ms (21.1068 GFLOPS)
        · teir_sa:contraction_abcde_efcad_bf laeuft [ 1651s] … [NEW BEST] Trial #1 | SF=2, Parallel=a -> Zeit: 244.46 ms (21.1068 GFLOPS)
        · teir_sa:contraction_abcde_efcad_bf laeuft [ 1681s] … [NEW BEST] Trial #1 | SF=2, Parallel=a -> Zeit: 244.46 ms (21.1068 GFLOPS)
        · teir_sa:contraction_abcde_efcad_bf laeuft [ 1711s] … [NEW BEST] Trial #1 | SF=2, Parallel=a -> Zeit: 244.46 ms (21.1068 GFLOPS)
        · teir_sa:contraction_abcde_efcad_bf laeuft [ 1741s] … [NEW BEST] Trial #1 | SF=2, Parallel=a -> Zeit: 244.46 ms (21.1068 GFLOPS)
        · teir_sa:contraction_abcde_efcad_bf laeuft [ 1771s] … [NEW BEST] Trial #1 | SF=2, Parallel=a -> Zeit: 244.46 ms (21.1068 GFLOPS)
        · teir_sa:contraction_abcde_efcad_bf laeuft [ 1801s] … [NEW BEST] Trial #1 | SF=2, Parallel=a -> Zeit: 244.46 ms (21.1068 GFLOPS)
  [teir_sa]  3/3 contraction_abcde_efcad_bf             21.1 GFLOPS [partial-timeout]   1801s  DONE @ 2026-08-03 11:56:02
----- Stufe TEIR_SA fertig in 90.0 min @ 2026-08-03 11:56:02 -----

----- Stufe TEIR_GA -> teir_ga.csv (0 bereits erledigt) @ 2026-08-03 11:56:02 -----
  [teir_ga]  1/3 contraction_abcde_efbad_cf             ... START @ 2026-08-03 11:56:02
        · teir_ga:contraction_abcde_efbad_cf laeuft [   30s] … [NEW BEST] Trial #5 | SF=4, Parallel=c -> Zeit: 134.75 ms (38.2916 GFLOPS)
        · teir_ga:contraction_abcde_efbad_cf laeuft [   60s] … [NEW BEST] Trial #5 | SF=4, Parallel=c -> Zeit: 134.75 ms (38.2916 GFLOPS)
        · teir_ga:contraction_abcde_efbad_cf laeuft [   90s] … [NEW BEST] Trial #5 | SF=4, Parallel=c -> Zeit: 134.75 ms (38.2916 GFLOPS)
        · teir_ga:contraction_abcde_efbad_cf laeuft [  120s] … [NEW BEST] Trial #5 | SF=4, Parallel=c -> Zeit: 134.75 ms (38.2916 GFLOPS)
        · teir_ga:contraction_abcde_efbad_cf laeuft [  151s] … [NEW BEST] Trial #5 | SF=4, Parallel=c -> Zeit: 134.75 ms (38.2916 GFLOPS)
        · teir_ga:contraction_abcde_efbad_cf laeuft [  181s] … [NEW BEST] Trial #5 | SF=4, Parallel=c -> Zeit: 134.75 ms (38.2916 GFLOPS)
        · teir_ga:contraction_abcde_efbad_cf laeuft [  211s] … [NEW BEST] Trial #5 | SF=4, Parallel=c -> Zeit: 134.75 ms (38.2916 GFLOPS)
        · teir_ga:contraction_abcde_efbad_cf laeuft [  241s] … [NEW BEST] Trial #5 | SF=4, Parallel=c -> Zeit: 134.75 ms (38.2916 GFLOPS)
        · teir_ga:contraction_abcde_efbad_cf laeuft [  271s] … [NEW BEST] Trial #5 | SF=4, Parallel=c -> Zeit: 134.75 ms (38.2916 GFLOPS)
        · teir_ga:contraction_abcde_efbad_cf laeuft [  301s] … [NEW BEST] Trial #5 | SF=4, Parallel=c -> Zeit: 134.75 ms (38.2916 GFLOPS)
        · teir_ga:contraction_abcde_efbad_cf laeuft [  331s] … [NEW BEST] Trial #5 | SF=4, Parallel=c -> Zeit: 134.75 ms (38.2916 GFLOPS)
        · teir_ga:contraction_abcde_efbad_cf laeuft [  361s] … [NEW BEST] Trial #5 | SF=4, Parallel=c -> Zeit: 134.75 ms (38.2916 GFLOPS)
        · teir_ga:contraction_abcde_efbad_cf laeuft [  391s] … [NEW BEST] Trial #5 | SF=4, Parallel=c -> Zeit: 134.75 ms (38.2916 GFLOPS)
        · teir_ga:contraction_abcde_efbad_cf laeuft [  421s] … [NEW BEST] Trial #5 | SF=4, Parallel=c -> Zeit: 134.75 ms (38.2916 GFLOPS)
        · teir_ga:contraction_abcde_efbad_cf laeuft [  452s] … [NEW BEST] Trial #5 | SF=4, Parallel=c -> Zeit: 134.75 ms (38.2916 GFLOPS)
        · teir_ga:contraction_abcde_efbad_cf laeuft [  482s] … [NEW BEST] Trial #5 | SF=4, Parallel=c -> Zeit: 134.75 ms (38.2916 GFLOPS)
        · teir_ga:contraction_abcde_efbad_cf laeuft [  512s] … [NEW BEST] Trial #5 | SF=4, Parallel=c -> Zeit: 134.75 ms (38.2916 GFLOPS)
        · teir_ga:contraction_abcde_efbad_cf laeuft [  542s] … [NEW BEST] Trial #5 | SF=4, Parallel=c -> Zeit: 134.75 ms (38.2916 GFLOPS)
        · teir_ga:contraction_abcde_efbad_cf laeuft [  572s] … [NEW BEST] Trial #5 | SF=4, Parallel=c -> Zeit: 134.75 ms (38.2916 GFLOPS)
        · teir_ga:contraction_abcde_efbad_cf laeuft [  602s] … [NEW BEST] Trial #5 | SF=4, Parallel=c -> Zeit: 134.75 ms (38.2916 GFLOPS)
        · teir_ga:contraction_abcde_efbad_cf laeuft [  630s] … [NEW BEST] Trial #5 | SF=4, Parallel=c -> Zeit: 134.75 ms (38.2916 GFLOPS)
        · teir_ga:contraction_abcde_efbad_cf laeuft [  660s] … [NEW BEST] Trial #5 | SF=4, Parallel=c -> Zeit: 134.75 ms (38.2916 GFLOPS)
        · teir_ga:contraction_abcde_efbad_cf laeuft [  690s] … [NEW BEST] Trial #5 | SF=4, Parallel=c -> Zeit: 134.75 ms (38.2916 GFLOPS)
        · teir_ga:contraction_abcde_efbad_cf laeuft [  720s] … [NEW BEST] Trial #5 | SF=4, Parallel=c -> Zeit: 134.75 ms (38.2916 GFLOPS)
        · teir_ga:contraction_abcde_efbad_cf laeuft [  750s] … [NEW BEST] Trial #5 | SF=4, Parallel=c -> Zeit: 134.75 ms (38.2916 GFLOPS)
        · teir_ga:contraction_abcde_efbad_cf laeuft [  780s] … [NEW BEST] Trial #5 | SF=4, Parallel=c -> Zeit: 134.75 ms (38.2916 GFLOPS)
        · teir_ga:contraction_abcde_efbad_cf laeuft [  810s] … [NEW BEST] Trial #5 | SF=4, Parallel=c -> Zeit: 134.75 ms (38.2916 GFLOPS)
        · teir_ga:contraction_abcde_efbad_cf laeuft [  840s] … [NEW BEST] Trial #5 | SF=4, Parallel=c -> Zeit: 134.75 ms (38.2916 GFLOPS)
        · teir_ga:contraction_abcde_efbad_cf laeuft [  870s] … [NEW BEST] Trial #5 | SF=4, Parallel=c -> Zeit: 134.75 ms (38.2916 GFLOPS)
        · teir_ga:contraction_abcde_efbad_cf laeuft [  900s] … [NEW BEST] Trial #5 | SF=4, Parallel=c -> Zeit: 134.75 ms (38.2916 GFLOPS)
        · teir_ga:contraction_abcde_efbad_cf laeuft [  930s] … [NEW BEST] Trial #5 | SF=4, Parallel=c -> Zeit: 134.75 ms (38.2916 GFLOPS)
        · teir_ga:contraction_abcde_efbad_cf laeuft [  960s] … [NEW BEST] Trial #5 | SF=4, Parallel=c -> Zeit: 134.75 ms (38.2916 GFLOPS)
        · teir_ga:contraction_abcde_efbad_cf laeuft [  990s] … [NEW BEST] Trial #5 | SF=4, Parallel=c -> Zeit: 134.75 ms (38.2916 GFLOPS)
        · teir_ga:contraction_abcde_efbad_cf laeuft [ 1021s] … [NEW BEST] Trial #5 | SF=4, Parallel=c -> Zeit: 134.75 ms (38.2916 GFLOPS)
        · teir_ga:contraction_abcde_efbad_cf laeuft [ 1051s] … [NEW BEST] Trial #5 | SF=4, Parallel=c -> Zeit: 134.75 ms (38.2916 GFLOPS)
        · teir_ga:contraction_abcde_efbad_cf laeuft [ 1081s] … [NEW BEST] Trial #5 | SF=4, Parallel=c -> Zeit: 134.75 ms (38.2916 GFLOPS)
        · teir_ga:contraction_abcde_efbad_cf laeuft [ 1111s] … [NEW BEST] Trial #5 | SF=4, Parallel=c -> Zeit: 134.75 ms (38.2916 GFLOPS)
        · teir_ga:contraction_abcde_efbad_cf laeuft [ 1141s] … [NEW BEST] Trial #5 | SF=4, Parallel=c -> Zeit: 134.75 ms (38.2916 GFLOPS)
        · teir_ga:contraction_abcde_efbad_cf laeuft [ 1171s] … [NEW BEST] Trial #5 | SF=4, Parallel=c -> Zeit: 134.75 ms (38.2916 GFLOPS)
        · teir_ga:contraction_abcde_efbad_cf laeuft [ 1201s] … [NEW BEST] Trial #5 | SF=4, Parallel=c -> Zeit: 134.75 ms (38.2916 GFLOPS)
        · teir_ga:contraction_abcde_efbad_cf laeuft [ 1231s] … [NEW BEST] Trial #5 | SF=4, Parallel=c -> Zeit: 134.75 ms (38.2916 GFLOPS)
        · teir_ga:contraction_abcde_efbad_cf laeuft [ 1262s] … [NEW BEST] Trial #5 | SF=4, Parallel=c -> Zeit: 134.75 ms (38.2916 GFLOPS)
        · teir_ga:contraction_abcde_efbad_cf laeuft [ 1292s] … [NEW BEST] Trial #5 | SF=4, Parallel=c -> Zeit: 134.75 ms (38.2916 GFLOPS)
        · teir_ga:contraction_abcde_efbad_cf laeuft [ 1322s] … [NEW BEST] Trial #5 | SF=4, Parallel=c -> Zeit: 134.75 ms (38.2916 GFLOPS)
        · teir_ga:contraction_abcde_efbad_cf laeuft [ 1352s] … [NEW BEST] Trial #5 | SF=4, Parallel=c -> Zeit: 134.75 ms (38.2916 GFLOPS)
        · teir_ga:contraction_abcde_efbad_cf laeuft [ 1380s] … [NEW BEST] Trial #5 | SF=4, Parallel=c -> Zeit: 134.75 ms (38.2916 GFLOPS)
        · teir_ga:contraction_abcde_efbad_cf laeuft [ 1410s] … [NEW BEST] Trial #5 | SF=4, Parallel=c -> Zeit: 134.75 ms (38.2916 GFLOPS)
        · teir_ga:contraction_abcde_efbad_cf laeuft [ 1440s] … [NEW BEST] Trial #5 | SF=4, Parallel=c -> Zeit: 134.75 ms (38.2916 GFLOPS)
        · teir_ga:contraction_abcde_efbad_cf laeuft [ 1470s] … [NEW BEST] Trial #5 | SF=4, Parallel=c -> Zeit: 134.75 ms (38.2916 GFLOPS)
        · teir_ga:contraction_abcde_efbad_cf laeuft [ 1501s] … [NEW BEST] Trial #5 | SF=4, Parallel=c -> Zeit: 134.75 ms (38.2916 GFLOPS)
        · teir_ga:contraction_abcde_efbad_cf laeuft [ 1531s] … [NEW BEST] Trial #5 | SF=4, Parallel=c -> Zeit: 134.75 ms (38.2916 GFLOPS)
        · teir_ga:contraction_abcde_efbad_cf laeuft [ 1561s] … [NEW BEST] Trial #5 | SF=4, Parallel=c -> Zeit: 134.75 ms (38.2916 GFLOPS)
        · teir_ga:contraction_abcde_efbad_cf laeuft [ 1591s] … [NEW BEST] Trial #5 | SF=4, Parallel=c -> Zeit: 134.75 ms (38.2916 GFLOPS)
        · teir_ga:contraction_abcde_efbad_cf laeuft [ 1621s] … [NEW BEST] Trial #5 | SF=4, Parallel=c -> Zeit: 134.75 ms (38.2916 GFLOPS)
        · teir_ga:contraction_abcde_efbad_cf laeuft [ 1651s] … [NEW BEST] Trial #5 | SF=4, Parallel=c -> Zeit: 134.75 ms (38.2916 GFLOPS)
        · teir_ga:contraction_abcde_efbad_cf laeuft [ 1681s] … [NEW BEST] Trial #5 | SF=4, Parallel=c -> Zeit: 134.75 ms (38.2916 GFLOPS)
        · teir_ga:contraction_abcde_efbad_cf laeuft [ 1711s] … [NEW BEST] Trial #5 | SF=4, Parallel=c -> Zeit: 134.75 ms (38.2916 GFLOPS)
        · teir_ga:contraction_abcde_efbad_cf laeuft [ 1742s] … [NEW BEST] Trial #5 | SF=4, Parallel=c -> Zeit: 134.75 ms (38.2916 GFLOPS)
        · teir_ga:contraction_abcde_efbad_cf laeuft [ 1772s] … [NEW BEST] Trial #5 | SF=4, Parallel=c -> Zeit: 134.75 ms (38.2916 GFLOPS)
        · teir_ga:contraction_abcde_efbad_cf laeuft [ 1802s] … [NEW BEST] Trial #5 | SF=4, Parallel=c -> Zeit: 134.75 ms (38.2916 GFLOPS)
  [teir_ga]  1/3 contraction_abcde_efbad_cf             38.3 GFLOPS [partial-timeout]   1802s  DONE @ 2026-08-03 12:26:04
  [teir_ga]  2/3 contraction_abcde_ecbfa_fd             ... START @ 2026-08-03 12:26:04
        · teir_ga:contraction_abcde_ecbfa_fd laeuft [   30s] … [NEW BEST] Trial #7 | SF=2, Parallel=d -> Zeit: 129.139 ms (53.2738 GFLOPS)
        · teir_ga:contraction_abcde_ecbfa_fd laeuft [   60s] … [NEW BEST] Trial #7 | SF=2, Parallel=d -> Zeit: 129.139 ms (53.2738 GFLOPS)
        · teir_ga:contraction_abcde_ecbfa_fd laeuft [   90s] … [NEW BEST] Trial #7 | SF=2, Parallel=d -> Zeit: 129.139 ms (53.2738 GFLOPS)
        · teir_ga:contraction_abcde_ecbfa_fd laeuft [  120s] … [NEW BEST] Trial #7 | SF=2, Parallel=d -> Zeit: 129.139 ms (53.2738 GFLOPS)
        · teir_ga:contraction_abcde_ecbfa_fd laeuft [  151s] … [NEW BEST] Trial #7 | SF=2, Parallel=d -> Zeit: 129.139 ms (53.2738 GFLOPS)
        · teir_ga:contraction_abcde_ecbfa_fd laeuft [  181s] … [NEW BEST] Trial #7 | SF=2, Parallel=d -> Zeit: 129.139 ms (53.2738 GFLOPS)
        · teir_ga:contraction_abcde_ecbfa_fd laeuft [  211s] … [NEW BEST] Trial #7 | SF=2, Parallel=d -> Zeit: 129.139 ms (53.2738 GFLOPS)
        · teir_ga:contraction_abcde_ecbfa_fd laeuft [  241s] … [NEW BEST] Trial #7 | SF=2, Parallel=d -> Zeit: 129.139 ms (53.2738 GFLOPS)
        · teir_ga:contraction_abcde_ecbfa_fd laeuft [  271s] … [NEW BEST] Trial #7 | SF=2, Parallel=d -> Zeit: 129.139 ms (53.2738 GFLOPS)
        · teir_ga:contraction_abcde_ecbfa_fd laeuft [  301s] … [NEW BEST] Trial #7 | SF=2, Parallel=d -> Zeit: 129.139 ms (53.2738 GFLOPS)
        · teir_ga:contraction_abcde_ecbfa_fd laeuft [  331s] … [NEW BEST] Trial #7 | SF=2, Parallel=d -> Zeit: 129.139 ms (53.2738 GFLOPS)
        · teir_ga:contraction_abcde_ecbfa_fd laeuft [  361s] … [NEW BEST] Trial #7 | SF=2, Parallel=d -> Zeit: 129.139 ms (53.2738 GFLOPS)
        · teir_ga:contraction_abcde_ecbfa_fd laeuft [  391s] … [NEW BEST] Trial #7 | SF=2, Parallel=d -> Zeit: 129.139 ms (53.2738 GFLOPS)
        · teir_ga:contraction_abcde_ecbfa_fd laeuft [  421s] … [NEW BEST] Trial #7 | SF=2, Parallel=d -> Zeit: 129.139 ms (53.2738 GFLOPS)
        · teir_ga:contraction_abcde_ecbfa_fd laeuft [  452s] … [NEW BEST] Trial #7 | SF=2, Parallel=d -> Zeit: 129.139 ms (53.2738 GFLOPS)
        · teir_ga:contraction_abcde_ecbfa_fd laeuft [  482s] … [NEW BEST] Trial #7 | SF=2, Parallel=d -> Zeit: 129.139 ms (53.2738 GFLOPS)
        · teir_ga:contraction_abcde_ecbfa_fd laeuft [  512s] … [NEW BEST] Trial #7 | SF=2, Parallel=d -> Zeit: 129.139 ms (53.2738 GFLOPS)
        · teir_ga:contraction_abcde_ecbfa_fd laeuft [  542s] … [NEW BEST] Trial #7 | SF=2, Parallel=d -> Zeit: 129.139 ms (53.2738 GFLOPS)
        · teir_ga:contraction_abcde_ecbfa_fd laeuft [  572s] … [NEW BEST] Trial #7 | SF=2, Parallel=d -> Zeit: 129.139 ms (53.2738 GFLOPS)
        · teir_ga:contraction_abcde_ecbfa_fd laeuft [  602s] … [NEW BEST] Trial #7 | SF=2, Parallel=d -> Zeit: 129.139 ms (53.2738 GFLOPS)
        · teir_ga:contraction_abcde_ecbfa_fd laeuft [  630s] … [NEW BEST] Trial #7 | SF=2, Parallel=d -> Zeit: 129.139 ms (53.2738 GFLOPS)
        · teir_ga:contraction_abcde_ecbfa_fd laeuft [  660s] … [NEW BEST] Trial #7 | SF=2, Parallel=d -> Zeit: 129.139 ms (53.2738 GFLOPS)
        · teir_ga:contraction_abcde_ecbfa_fd laeuft [  690s] … [NEW BEST] Trial #7 | SF=2, Parallel=d -> Zeit: 129.139 ms (53.2738 GFLOPS)
        · teir_ga:contraction_abcde_ecbfa_fd laeuft [  720s] … [NEW BEST] Trial #7 | SF=2, Parallel=d -> Zeit: 129.139 ms (53.2738 GFLOPS)
        · teir_ga:contraction_abcde_ecbfa_fd laeuft [  750s] … [NEW BEST] Trial #7 | SF=2, Parallel=d -> Zeit: 129.139 ms (53.2738 GFLOPS)
        · teir_ga:contraction_abcde_ecbfa_fd laeuft [  781s] … [NEW BEST] Trial #7 | SF=2, Parallel=d -> Zeit: 129.139 ms (53.2738 GFLOPS)
        · teir_ga:contraction_abcde_ecbfa_fd laeuft [  811s] … [NEW BEST] Trial #7 | SF=2, Parallel=d -> Zeit: 129.139 ms (53.2738 GFLOPS)
        · teir_ga:contraction_abcde_ecbfa_fd laeuft [  841s] … [NEW BEST] Trial #7 | SF=2, Parallel=d -> Zeit: 129.139 ms (53.2738 GFLOPS)
        · teir_ga:contraction_abcde_ecbfa_fd laeuft [  871s] … [NEW BEST] Trial #7 | SF=2, Parallel=d -> Zeit: 129.139 ms (53.2738 GFLOPS)
        · teir_ga:contraction_abcde_ecbfa_fd laeuft [  901s] … [NEW BEST] Trial #7 | SF=2, Parallel=d -> Zeit: 129.139 ms (53.2738 GFLOPS)
        · teir_ga:contraction_abcde_ecbfa_fd laeuft [  931s] … [NEW BEST] Trial #7 | SF=2, Parallel=d -> Zeit: 129.139 ms (53.2738 GFLOPS)
        · teir_ga:contraction_abcde_ecbfa_fd laeuft [  961s] … [NEW BEST] Trial #7 | SF=2, Parallel=d -> Zeit: 129.139 ms (53.2738 GFLOPS)
        · teir_ga:contraction_abcde_ecbfa_fd laeuft [  991s] … [NEW BEST] Trial #7 | SF=2, Parallel=d -> Zeit: 129.139 ms (53.2738 GFLOPS)
        · teir_ga:contraction_abcde_ecbfa_fd laeuft [ 1021s] … [NEW BEST] Trial #7 | SF=2, Parallel=d -> Zeit: 129.139 ms (53.2738 GFLOPS)
        · teir_ga:contraction_abcde_ecbfa_fd laeuft [ 1052s] … [NEW BEST] Trial #7 | SF=2, Parallel=d -> Zeit: 129.139 ms (53.2738 GFLOPS)
        · teir_ga:contraction_abcde_ecbfa_fd laeuft [ 1082s] … [NEW BEST] Trial #7 | SF=2, Parallel=d -> Zeit: 129.139 ms (53.2738 GFLOPS)
        · teir_ga:contraction_abcde_ecbfa_fd laeuft [ 1112s] … [NEW BEST] Trial #7 | SF=2, Parallel=d -> Zeit: 129.139 ms (53.2738 GFLOPS)
        · teir_ga:contraction_abcde_ecbfa_fd laeuft [ 1142s] … [NEW BEST] Trial #7 | SF=2, Parallel=d -> Zeit: 129.139 ms (53.2738 GFLOPS)
        · teir_ga:contraction_abcde_ecbfa_fd laeuft [ 1172s] … [NEW BEST] Trial #7 | SF=2, Parallel=d -> Zeit: 129.139 ms (53.2738 GFLOPS)
        · teir_ga:contraction_abcde_ecbfa_fd laeuft [ 1200s] … [NEW BEST] Trial #7 | SF=2, Parallel=d -> Zeit: 129.139 ms (53.2738 GFLOPS)
        · teir_ga:contraction_abcde_ecbfa_fd laeuft [ 1230s] … [NEW BEST] Trial #7 | SF=2, Parallel=d -> Zeit: 129.139 ms (53.2738 GFLOPS)
        · teir_ga:contraction_abcde_ecbfa_fd laeuft [ 1260s] … [NEW BEST] Trial #7 | SF=2, Parallel=d -> Zeit: 129.139 ms (53.2738 GFLOPS)
        · teir_ga:contraction_abcde_ecbfa_fd laeuft [ 1290s] … [NEW BEST] Trial #7 | SF=2, Parallel=d -> Zeit: 129.139 ms (53.2738 GFLOPS)
        · teir_ga:contraction_abcde_ecbfa_fd laeuft [ 1320s] … [NEW BEST] Trial #7 | SF=2, Parallel=d -> Zeit: 129.139 ms (53.2738 GFLOPS)
        · teir_ga:contraction_abcde_ecbfa_fd laeuft [ 1350s] … [NEW BEST] Trial #7 | SF=2, Parallel=d -> Zeit: 129.139 ms (53.2738 GFLOPS)
        · teir_ga:contraction_abcde_ecbfa_fd laeuft [ 1381s] … [NEW BEST] Trial #7 | SF=2, Parallel=d -> Zeit: 129.139 ms (53.2738 GFLOPS)
        · teir_ga:contraction_abcde_ecbfa_fd laeuft [ 1411s] … [NEW BEST] Trial #7 | SF=2, Parallel=d -> Zeit: 129.139 ms (53.2738 GFLOPS)
        · teir_ga:contraction_abcde_ecbfa_fd laeuft [ 1441s] … [NEW BEST] Trial #7 | SF=2, Parallel=d -> Zeit: 129.139 ms (53.2738 GFLOPS)
        · teir_ga:contraction_abcde_ecbfa_fd laeuft [ 1471s] … [NEW BEST] Trial #7 | SF=2, Parallel=d -> Zeit: 129.139 ms (53.2738 GFLOPS)
        · teir_ga:contraction_abcde_ecbfa_fd laeuft [ 1501s] … [NEW BEST] Trial #7 | SF=2, Parallel=d -> Zeit: 129.139 ms (53.2738 GFLOPS)
        · teir_ga:contraction_abcde_ecbfa_fd laeuft [ 1531s] … [NEW BEST] Trial #7 | SF=2, Parallel=d -> Zeit: 129.139 ms (53.2738 GFLOPS)
        · teir_ga:contraction_abcde_ecbfa_fd laeuft [ 1561s] … [NEW BEST] Trial #7 | SF=2, Parallel=d -> Zeit: 129.139 ms (53.2738 GFLOPS)
        · teir_ga:contraction_abcde_ecbfa_fd laeuft [ 1591s] … [NEW BEST] Trial #7 | SF=2, Parallel=d -> Zeit: 129.139 ms (53.2738 GFLOPS)
        · teir_ga:contraction_abcde_ecbfa_fd laeuft [ 1621s] … [NEW BEST] Trial #7 | SF=2, Parallel=d -> Zeit: 129.139 ms (53.2738 GFLOPS)
        · teir_ga:contraction_abcde_ecbfa_fd laeuft [ 1651s] … [NEW BEST] Trial #7 | SF=2, Parallel=d -> Zeit: 129.139 ms (53.2738 GFLOPS)
        · teir_ga:contraction_abcde_ecbfa_fd laeuft [ 1682s] … [NEW BEST] Trial #7 | SF=2, Parallel=d -> Zeit: 129.139 ms (53.2738 GFLOPS)
        · teir_ga:contraction_abcde_ecbfa_fd laeuft [ 1712s] … [NEW BEST] Trial #7 | SF=2, Parallel=d -> Zeit: 129.139 ms (53.2738 GFLOPS)
        · teir_ga:contraction_abcde_ecbfa_fd laeuft [ 1742s] … [NEW BEST] Trial #7 | SF=2, Parallel=d -> Zeit: 129.139 ms (53.2738 GFLOPS)
        · teir_ga:contraction_abcde_ecbfa_fd laeuft [ 1772s] … [NEW BEST] Trial #7 | SF=2, Parallel=d -> Zeit: 129.139 ms (53.2738 GFLOPS)
        · teir_ga:contraction_abcde_ecbfa_fd laeuft [ 1802s] … [NEW BEST] Trial #7 | SF=2, Parallel=d -> Zeit: 129.139 ms (53.2738 GFLOPS)
  [teir_ga]  2/3 contraction_abcde_ecbfa_fd             53.3 GFLOPS [partial-timeout]   1802s  DONE @ 2026-08-03 12:56:06
  [teir_ga]  3/3 contraction_abcde_efcad_bf             ... START @ 2026-08-03 12:56:06
        · teir_ga:contraction_abcde_efcad_bf laeuft [   30s] … [NEW BEST] Trial #5 | SF=4, Parallel=c -> Zeit: 136.425 ms (37.8213 GFLOPS)
        · teir_ga:contraction_abcde_efcad_bf laeuft [   60s] … [NEW BEST] Trial #5 | SF=4, Parallel=c -> Zeit: 136.425 ms (37.8213 GFLOPS)
        · teir_ga:contraction_abcde_efcad_bf laeuft [   90s] … [NEW BEST] Trial #5 | SF=4, Parallel=c -> Zeit: 136.425 ms (37.8213 GFLOPS)
        · teir_ga:contraction_abcde_efcad_bf laeuft [  120s] … [NEW BEST] Trial #5 | SF=4, Parallel=c -> Zeit: 136.425 ms (37.8213 GFLOPS)
        · teir_ga:contraction_abcde_efcad_bf laeuft [  150s] … [NEW BEST] Trial #5 | SF=4, Parallel=c -> Zeit: 136.425 ms (37.8213 GFLOPS)
        · teir_ga:contraction_abcde_efcad_bf laeuft [  181s] … [NEW BEST] Trial #5 | SF=4, Parallel=c -> Zeit: 136.425 ms (37.8213 GFLOPS)
        · teir_ga:contraction_abcde_efcad_bf laeuft [  211s] … [NEW BEST] Trial #5 | SF=4, Parallel=c -> Zeit: 136.425 ms (37.8213 GFLOPS)
        · teir_ga:contraction_abcde_efcad_bf laeuft [  241s] … [NEW BEST] Trial #5 | SF=4, Parallel=c -> Zeit: 136.425 ms (37.8213 GFLOPS)
        · teir_ga:contraction_abcde_efcad_bf laeuft [  271s] … [NEW BEST] Trial #5 | SF=4, Parallel=c -> Zeit: 136.425 ms (37.8213 GFLOPS)
        · teir_ga:contraction_abcde_efcad_bf laeuft [  301s] … [NEW BEST] Trial #5 | SF=4, Parallel=c -> Zeit: 136.425 ms (37.8213 GFLOPS)
        · teir_ga:contraction_abcde_efcad_bf laeuft [  331s] … [NEW BEST] Trial #5 | SF=4, Parallel=c -> Zeit: 136.425 ms (37.8213 GFLOPS)
        · teir_ga:contraction_abcde_efcad_bf laeuft [  361s] … [NEW BEST] Trial #5 | SF=4, Parallel=c -> Zeit: 136.425 ms (37.8213 GFLOPS)
        · teir_ga:contraction_abcde_efcad_bf laeuft [  391s] … [NEW BEST] Trial #5 | SF=4, Parallel=c -> Zeit: 136.425 ms (37.8213 GFLOPS)
        · teir_ga:contraction_abcde_efcad_bf laeuft [  421s] … [NEW BEST] Trial #5 | SF=4, Parallel=c -> Zeit: 136.425 ms (37.8213 GFLOPS)
        · teir_ga:contraction_abcde_efcad_bf laeuft [  451s] … [NEW BEST] Trial #5 | SF=4, Parallel=c -> Zeit: 136.425 ms (37.8213 GFLOPS)
  [teir_ga]  3/3 contraction_abcde_efcad_bf             37.8 GFLOPS [partial]           475s  DONE @ 2026-08-03 13:04:00
----- Stufe TEIR_GA fertig in 68.0 min @ 2026-08-03 13:04:00 -----

----- Stufe TEIR_RANDOM -> teir_random.csv (0 bereits erledigt) @ 2026-08-03 13:04:00 -----
  [teir_random]  1/3 contraction_abcde_efbad_cf             ... START @ 2026-08-03 13:04:00
        · teir_random:contraction_abcde_efbad_cf laeuft [   30s] … [NEW BEST] Trial #1 | SF=2, Parallel=a -> Zeit: 254.724 ms (20.2563 GFLOPS)
        · teir_random:contraction_abcde_efbad_cf laeuft [   60s] … [NEW BEST] Trial #1 | SF=2, Parallel=a -> Zeit: 254.724 ms (20.2563 GFLOPS)
        · teir_random:contraction_abcde_efbad_cf laeuft [   90s] … [NEW BEST] Trial #1 | SF=2, Parallel=a -> Zeit: 254.724 ms (20.2563 GFLOPS)
        · teir_random:contraction_abcde_efbad_cf laeuft [  120s] … [NEW BEST] Trial #1 | SF=2, Parallel=a -> Zeit: 254.724 ms (20.2563 GFLOPS)
        · teir_random:contraction_abcde_efbad_cf laeuft [  150s] … [NEW BEST] Trial #1 | SF=2, Parallel=a -> Zeit: 254.724 ms (20.2563 GFLOPS)
        · teir_random:contraction_abcde_efbad_cf laeuft [  181s] … [NEW BEST] Trial #1 | SF=2, Parallel=a -> Zeit: 254.724 ms (20.2563 GFLOPS)
        · teir_random:contraction_abcde_efbad_cf laeuft [  211s] … [NEW BEST] Trial #4 | SF=4, Parallel=a -> Zeit: 108.566 ms (47.5265 GFLOPS)
        · teir_random:contraction_abcde_efbad_cf laeuft [  241s] … [NEW BEST] Trial #4 | SF=4, Parallel=a -> Zeit: 108.566 ms (47.5265 GFLOPS)
        · teir_random:contraction_abcde_efbad_cf laeuft [  271s] … [NEW BEST] Trial #4 | SF=4, Parallel=a -> Zeit: 108.566 ms (47.5265 GFLOPS)
        · teir_random:contraction_abcde_efbad_cf laeuft [  301s] … [NEW BEST] Trial #4 | SF=4, Parallel=a -> Zeit: 108.566 ms (47.5265 GFLOPS)
        · teir_random:contraction_abcde_efbad_cf laeuft [  331s] … [NEW BEST] Trial #4 | SF=4, Parallel=a -> Zeit: 108.566 ms (47.5265 GFLOPS)
        · teir_random:contraction_abcde_efbad_cf laeuft [  361s] … [NEW BEST] Trial #4 | SF=4, Parallel=a -> Zeit: 108.566 ms (47.5265 GFLOPS)
  [teir_random]  1/3 contraction_abcde_efbad_cf             47.5 GFLOPS [partial]           373s  DONE @ 2026-08-03 13:10:13
  [teir_random]  2/3 contraction_abcde_ecbfa_fd             ... START @ 2026-08-03 13:10:13
        · teir_random:contraction_abcde_ecbfa_fd laeuft [   30s] … [NEW BEST] Trial #1 | SF=4, Parallel=d -> Zeit: 713.178 ms (9.64655 GFLOPS)
        · teir_random:contraction_abcde_ecbfa_fd laeuft [   60s] … [NEW BEST] Trial #1 | SF=4, Parallel=d -> Zeit: 713.178 ms (9.64655 GFLOPS)
        · teir_random:contraction_abcde_ecbfa_fd laeuft [   90s] … [NEW BEST] Trial #1 | SF=4, Parallel=d -> Zeit: 713.178 ms (9.64655 GFLOPS)
        · teir_random:contraction_abcde_ecbfa_fd laeuft [  121s] … [NEW BEST] Trial #1 | SF=4, Parallel=d -> Zeit: 713.178 ms (9.64655 GFLOPS)
        · teir_random:contraction_abcde_ecbfa_fd laeuft [  151s] … [NEW BEST] Trial #1 | SF=4, Parallel=d -> Zeit: 713.178 ms (9.64655 GFLOPS)
        · teir_random:contraction_abcde_ecbfa_fd laeuft [  181s] … [NEW BEST] Trial #1 | SF=4, Parallel=d -> Zeit: 713.178 ms (9.64655 GFLOPS)
        · teir_random:contraction_abcde_ecbfa_fd laeuft [  211s] … [NEW BEST] Trial #1 | SF=4, Parallel=d -> Zeit: 713.178 ms (9.64655 GFLOPS)
        · teir_random:contraction_abcde_ecbfa_fd laeuft [  241s] … [NEW BEST] Trial #1 | SF=4, Parallel=d -> Zeit: 713.178 ms (9.64655 GFLOPS)
        · teir_random:contraction_abcde_ecbfa_fd laeuft [  271s] … [NEW BEST] Trial #1 | SF=4, Parallel=d -> Zeit: 713.178 ms (9.64655 GFLOPS)
        · teir_random:contraction_abcde_ecbfa_fd laeuft [  301s] … [NEW BEST] Trial #1 | SF=4, Parallel=d -> Zeit: 713.178 ms (9.64655 GFLOPS)
        · teir_random:contraction_abcde_ecbfa_fd laeuft [  331s] … [NEW BEST] Trial #1 | SF=4, Parallel=d -> Zeit: 713.178 ms (9.64655 GFLOPS)
        · teir_random:contraction_abcde_ecbfa_fd laeuft [  362s] … [NEW BEST] Trial #1 | SF=4, Parallel=d -> Zeit: 713.178 ms (9.64655 GFLOPS)
        · teir_random:contraction_abcde_ecbfa_fd laeuft [  392s] … [NEW BEST] Trial #1 | SF=4, Parallel=d -> Zeit: 713.178 ms (9.64655 GFLOPS)
        · teir_random:contraction_abcde_ecbfa_fd laeuft [  422s] … [NEW BEST] Trial #1 | SF=4, Parallel=d -> Zeit: 713.178 ms (9.64655 GFLOPS)
        · teir_random:contraction_abcde_ecbfa_fd laeuft [  452s] … [NEW BEST] Trial #1 | SF=4, Parallel=d -> Zeit: 713.178 ms (9.64655 GFLOPS)
        · teir_random:contraction_abcde_ecbfa_fd laeuft [  480s] … [NEW BEST] Trial #1 | SF=4, Parallel=d -> Zeit: 713.178 ms (9.64655 GFLOPS)
        · teir_random:contraction_abcde_ecbfa_fd laeuft [  510s] … [NEW BEST] Trial #1 | SF=4, Parallel=d -> Zeit: 713.178 ms (9.64655 GFLOPS)
        · teir_random:contraction_abcde_ecbfa_fd laeuft [  540s] … [NEW BEST] Trial #1 | SF=4, Parallel=d -> Zeit: 713.178 ms (9.64655 GFLOPS)
        · teir_random:contraction_abcde_ecbfa_fd laeuft [  571s] … [NEW BEST] Trial #1 | SF=4, Parallel=d -> Zeit: 713.178 ms (9.64655 GFLOPS)
        · teir_random:contraction_abcde_ecbfa_fd laeuft [  601s] … [NEW BEST] Trial #1 | SF=4, Parallel=d -> Zeit: 713.178 ms (9.64655 GFLOPS)
        · teir_random:contraction_abcde_ecbfa_fd laeuft [  631s] … [NEW BEST] Trial #1 | SF=4, Parallel=d -> Zeit: 713.178 ms (9.64655 GFLOPS)
        · teir_random:contraction_abcde_ecbfa_fd laeuft [  661s] … [NEW BEST] Trial #1 | SF=4, Parallel=d -> Zeit: 713.178 ms (9.64655 GFLOPS)
        · teir_random:contraction_abcde_ecbfa_fd laeuft [  691s] … [NEW BEST] Trial #1 | SF=4, Parallel=d -> Zeit: 713.178 ms (9.64655 GFLOPS)
        · teir_random:contraction_abcde_ecbfa_fd laeuft [  721s] … [NEW BEST] Trial #1 | SF=4, Parallel=d -> Zeit: 713.178 ms (9.64655 GFLOPS)
        · teir_random:contraction_abcde_ecbfa_fd laeuft [  751s] … [NEW BEST] Trial #1 | SF=4, Parallel=d -> Zeit: 713.178 ms (9.64655 GFLOPS)
        · teir_random:contraction_abcde_ecbfa_fd laeuft [  781s] … [NEW BEST] Trial #1 | SF=4, Parallel=d -> Zeit: 713.178 ms (9.64655 GFLOPS)
        · teir_random:contraction_abcde_ecbfa_fd laeuft [  812s] … [NEW BEST] Trial #1 | SF=4, Parallel=d -> Zeit: 713.178 ms (9.64655 GFLOPS)
        · teir_random:contraction_abcde_ecbfa_fd laeuft [  842s] … [NEW BEST] Trial #1 | SF=4, Parallel=d -> Zeit: 713.178 ms (9.64655 GFLOPS)
        · teir_random:contraction_abcde_ecbfa_fd laeuft [  872s] … [NEW BEST] Trial #1 | SF=4, Parallel=d -> Zeit: 713.178 ms (9.64655 GFLOPS)
        · teir_random:contraction_abcde_ecbfa_fd laeuft [  902s] … [NEW BEST] Trial #1 | SF=4, Parallel=d -> Zeit: 713.178 ms (9.64655 GFLOPS)
        · teir_random:contraction_abcde_ecbfa_fd laeuft [  930s] … [NEW BEST] Trial #1 | SF=4, Parallel=d -> Zeit: 713.178 ms (9.64655 GFLOPS)
        · teir_random:contraction_abcde_ecbfa_fd laeuft [  960s] … [NEW BEST] Trial #1 | SF=4, Parallel=d -> Zeit: 713.178 ms (9.64655 GFLOPS)
        · teir_random:contraction_abcde_ecbfa_fd laeuft [  990s] … [NEW BEST] Trial #1 | SF=4, Parallel=d -> Zeit: 713.178 ms (9.64655 GFLOPS)
        · teir_random:contraction_abcde_ecbfa_fd laeuft [ 1020s] … [NEW BEST] Trial #1 | SF=4, Parallel=d -> Zeit: 713.178 ms (9.64655 GFLOPS)
        · teir_random:contraction_abcde_ecbfa_fd laeuft [ 1051s] … [NEW BEST] Trial #1 | SF=4, Parallel=d -> Zeit: 713.178 ms (9.64655 GFLOPS)
        · teir_random:contraction_abcde_ecbfa_fd laeuft [ 1081s] … [NEW BEST] Trial #1 | SF=4, Parallel=d -> Zeit: 713.178 ms (9.64655 GFLOPS)
        · teir_random:contraction_abcde_ecbfa_fd laeuft [ 1111s] … [NEW BEST] Trial #1 | SF=4, Parallel=d -> Zeit: 713.178 ms (9.64655 GFLOPS)
        · teir_random:contraction_abcde_ecbfa_fd laeuft [ 1141s] … [NEW BEST] Trial #1 | SF=4, Parallel=d -> Zeit: 713.178 ms (9.64655 GFLOPS)
        · teir_random:contraction_abcde_ecbfa_fd laeuft [ 1171s] … [NEW BEST] Trial #1 | SF=4, Parallel=d -> Zeit: 713.178 ms (9.64655 GFLOPS)
        · teir_random:contraction_abcde_ecbfa_fd laeuft [ 1201s] … [NEW BEST] Trial #1 | SF=4, Parallel=d -> Zeit: 713.178 ms (9.64655 GFLOPS)
        · teir_random:contraction_abcde_ecbfa_fd laeuft [ 1231s] … [NEW BEST] Trial #1 | SF=4, Parallel=d -> Zeit: 713.178 ms (9.64655 GFLOPS)
        · teir_random:contraction_abcde_ecbfa_fd laeuft [ 1262s] … [NEW BEST] Trial #1 | SF=4, Parallel=d -> Zeit: 713.178 ms (9.64655 GFLOPS)
        · teir_random:contraction_abcde_ecbfa_fd laeuft [ 1292s] … [NEW BEST] Trial #1 | SF=4, Parallel=d -> Zeit: 713.178 ms (9.64655 GFLOPS)
        · teir_random:contraction_abcde_ecbfa_fd laeuft [ 1322s] … [NEW BEST] Trial #1 | SF=4, Parallel=d -> Zeit: 713.178 ms (9.64655 GFLOPS)
        · teir_random:contraction_abcde_ecbfa_fd laeuft [ 1352s] … [NEW BEST] Trial #1 | SF=4, Parallel=d -> Zeit: 713.178 ms (9.64655 GFLOPS)
        · teir_random:contraction_abcde_ecbfa_fd laeuft [ 1380s] … [NEW BEST] Trial #1 | SF=4, Parallel=d -> Zeit: 713.178 ms (9.64655 GFLOPS)
        · teir_random:contraction_abcde_ecbfa_fd laeuft [ 1410s] … [NEW BEST] Trial #1 | SF=4, Parallel=d -> Zeit: 713.178 ms (9.64655 GFLOPS)
        · teir_random:contraction_abcde_ecbfa_fd laeuft [ 1440s] … [NEW BEST] Trial #1 | SF=4, Parallel=d -> Zeit: 713.178 ms (9.64655 GFLOPS)
        · teir_random:contraction_abcde_ecbfa_fd laeuft [ 1470s] … [NEW BEST] Trial #1 | SF=4, Parallel=d -> Zeit: 713.178 ms (9.64655 GFLOPS)
        · teir_random:contraction_abcde_ecbfa_fd laeuft [ 1501s] … [NEW BEST] Trial #1 | SF=4, Parallel=d -> Zeit: 713.178 ms (9.64655 GFLOPS)
        · teir_random:contraction_abcde_ecbfa_fd laeuft [ 1531s] … [NEW BEST] Trial #1 | SF=4, Parallel=d -> Zeit: 713.178 ms (9.64655 GFLOPS)
        · teir_random:contraction_abcde_ecbfa_fd laeuft [ 1561s] … [NEW BEST] Trial #1 | SF=4, Parallel=d -> Zeit: 713.178 ms (9.64655 GFLOPS)
        · teir_random:contraction_abcde_ecbfa_fd laeuft [ 1591s] … [NEW BEST] Trial #1 | SF=4, Parallel=d -> Zeit: 713.178 ms (9.64655 GFLOPS)
        · teir_random:contraction_abcde_ecbfa_fd laeuft [ 1621s] … [NEW BEST] Trial #1 | SF=4, Parallel=d -> Zeit: 713.178 ms (9.64655 GFLOPS)
        · teir_random:contraction_abcde_ecbfa_fd laeuft [ 1651s] … [NEW BEST] Trial #1 | SF=4, Parallel=d -> Zeit: 713.178 ms (9.64655 GFLOPS)
        · teir_random:contraction_abcde_ecbfa_fd laeuft [ 1681s] … [NEW BEST] Trial #1 | SF=4, Parallel=d -> Zeit: 713.178 ms (9.64655 GFLOPS)
        · teir_random:contraction_abcde_ecbfa_fd laeuft [ 1711s] … [NEW BEST] Trial #1 | SF=4, Parallel=d -> Zeit: 713.178 ms (9.64655 GFLOPS)
        · teir_random:contraction_abcde_ecbfa_fd laeuft [ 1742s] … [NEW BEST] Trial #1 | SF=4, Parallel=d -> Zeit: 713.178 ms (9.64655 GFLOPS)
        · teir_random:contraction_abcde_ecbfa_fd laeuft [ 1772s] … [NEW BEST] Trial #1 | SF=4, Parallel=d -> Zeit: 713.178 ms (9.64655 GFLOPS)
        · teir_random:contraction_abcde_ecbfa_fd laeuft [ 1802s] … [NEW BEST] Trial #1 | SF=4, Parallel=d -> Zeit: 713.178 ms (9.64655 GFLOPS)
  [teir_random]  2/3 contraction_abcde_ecbfa_fd             9.6 GFLOPS [partial-timeout]   1802s  DONE @ 2026-08-03 13:40:15
  [teir_random]  3/3 contraction_abcde_efcad_bf             ... START @ 2026-08-03 13:40:15
        · teir_random:contraction_abcde_efcad_bf laeuft [   30s] … [NEW BEST] Trial #1 | SF=2, Parallel=a -> Zeit: 1111.6 ms (4.64176 GFLOPS)
        · teir_random:contraction_abcde_efcad_bf laeuft [   60s] … [NEW BEST] Trial #1 | SF=2, Parallel=a -> Zeit: 1111.6 ms (4.64176 GFLOPS)
        · teir_random:contraction_abcde_efcad_bf laeuft [   90s] … [NEW BEST] Trial #1 | SF=2, Parallel=a -> Zeit: 1111.6 ms (4.64176 GFLOPS)
        · teir_random:contraction_abcde_efcad_bf laeuft [  121s] … [NEW BEST] Trial #1 | SF=2, Parallel=a -> Zeit: 1111.6 ms (4.64176 GFLOPS)
        · teir_random:contraction_abcde_efcad_bf laeuft [  151s] … [NEW BEST] Trial #1 | SF=2, Parallel=a -> Zeit: 1111.6 ms (4.64176 GFLOPS)
        · teir_random:contraction_abcde_efcad_bf laeuft [  181s] … [NEW BEST] Trial #1 | SF=2, Parallel=a -> Zeit: 1111.6 ms (4.64176 GFLOPS)
        · teir_random:contraction_abcde_efcad_bf laeuft [  211s] … [NEW BEST] Trial #1 | SF=2, Parallel=a -> Zeit: 1111.6 ms (4.64176 GFLOPS)
        · teir_random:contraction_abcde_efcad_bf laeuft [  241s] … [NEW BEST] Trial #1 | SF=2, Parallel=a -> Zeit: 1111.6 ms (4.64176 GFLOPS)
        · teir_random:contraction_abcde_efcad_bf laeuft [  271s] … [NEW BEST] Trial #1 | SF=2, Parallel=a -> Zeit: 1111.6 ms (4.64176 GFLOPS)
        · teir_random:contraction_abcde_efcad_bf laeuft [  301s] … [NEW BEST] Trial #4 | SF=4, Parallel=a -> Zeit: 119.551 ms (43.1596 GFLOPS)
        · teir_random:contraction_abcde_efcad_bf laeuft [  331s] … [NEW BEST] Trial #4 | SF=4, Parallel=a -> Zeit: 119.551 ms (43.1596 GFLOPS)
        · teir_random:contraction_abcde_efcad_bf laeuft [  362s] … [NEW BEST] Trial #4 | SF=4, Parallel=a -> Zeit: 119.551 ms (43.1596 GFLOPS)
        · teir_random:contraction_abcde_efcad_bf laeuft [  392s] … [NEW BEST] Trial #4 | SF=4, Parallel=a -> Zeit: 119.551 ms (43.1596 GFLOPS)
        · teir_random:contraction_abcde_efcad_bf laeuft [  422s] … [NEW BEST] Trial #4 | SF=4, Parallel=a -> Zeit: 119.551 ms (43.1596 GFLOPS)
  [teir_random]  3/3 contraction_abcde_efcad_bf             46.7 GFLOPS [partial]           434s  DONE @ 2026-08-03 13:47:29
----- Stufe TEIR_RANDOM fertig in 43.5 min @ 2026-08-03 13:47:29 -----

=== Matrix komplett @ 2026-08-03 13:47:29. Ergebnisse in gett_results/{torch,teir,tvm}.csv ===
